Executing action: flash
Running ninja in directory D:\aijiaohu\week1\learn\step1_imu\build
Executing "ninja flash"...
[1/5] C:\windows\system32\cmd.exe /C "cd /D D:\aijiaohu\week1\learn\step1_imu\build\esp-idf\esptool_py && D:\gongju\Espressif\python_env\idf5.4_py3.11_env\Scripts\python.exe D:/gongju/Espressif/frameworks/esp-idf-v5.4.4/components/partition_table/check_sizes.py --offset 0x8000 partition --type app D:/aijiaohu/week1/learn/step1_imu/build/partition_table/partition-table.bin D:/aijiaohu/week1/learn/step1_imu/build/step1_imu.bin"

step1_imu.bin binary size 0x32990 bytes. Smallest app partition is 0x100000 bytes. 0xcd670 bytes (80%) free.


[2/5] Performing build step for 'bootloader'

[1/1] C:\windows\system32\cmd.exe /C "cd /D D:\aijiaohu\week1\learn\step1_imu\build\bootloader\esp-idf\esptool_py && D:\gongju\Espressif\python_env\idf5.4_py3.11_env\Scripts\python.exe D:/gongju/Espressif/frameworks/esp-idf-v5.4.4/components/partition_table/check_sizes.py --offset 0x8000 bootloader 0x0 D:/aijiaohu/week1/learn/step1_imu/build/bootloader/bootloader.bin"


Bootloader binary size 0x51c0 bytes. 0x2e40 bytes (36%) free.



[3/5] No install step for 'bootloader'

[4/5] Completed 'bootloader'

[4/5] C:\windows\system32\cmd.exe /C "cd /D D:\gongju\Espressif\frameworks\esp-idf-v5.4.4\components\esptool_py && D:\gongju\Espressif\tools\cmake\3.30.2\bin\cmake.exe -D IDF_PATH=D:/gongju/Espressif/frameworks/esp-idf-v5.4.4 -D SERIAL_TOOL=D:/gongju/Espressif/python_env/idf5.4_py3.11_env/Scripts/python.exe;;D:/gongju/Espressif/frameworks/esp-idf-v5.4.4/components/esptool_py/esptool/esptool.py;--chip;esp32s3 -D SERIAL_TOOL_ARGS=--before=default_reset;--after=hard_reset;write_flash;@flash_args -D WORKING_DIRECTORY=D:/aijiaohu/week1/learn/step1_imu/build -P D:/gongju/Espressif/frameworks/esp-idf-v5.4.4/components/esptool_py/run_serial_tool.cmake"

esptool.py --chip esp32s3 -p COM5 -b 460800 --before=default_reset --after=hard_reset write_flash --flash_mode dio --flash_freq 40m --flash_size 2MB 0x0 bootloader/bootloader.bin 0x10000 step1_imu.bin 0x8000 partition_table/partition-table.bin

esptool.py v4.11.0

Serial port COM5

Connecting...

Chip is ESP32-S3 (QFN56) (revision v0.2)

Features: WiFi, BLE, Embedded PSRAM 8MB (AP_3v3)

Crystal is 40MHz

USB mode: USB-Serial/JTAG

MAC: 94:a9:90:1c:7c:34

Uploading stub...

Running stub...

Stub running...

Changing baud rate to 460800

Changed.

Configuring flash size...

Flash will be erased from 0x00000000 to 0x00005fff...

Flash will be erased from 0x00010000 to 0x00042fff...

Flash will be erased from 0x00008000 to 0x00008fff...

SHA digest in image updated

Compressed 20928 bytes to 13320...

Writing at 0x00000000... (100 %)

Wrote 20928 bytes (13320 compressed) at 0x00000000 in 0.2 seconds (effective 718.0 kbit/s)...

Hash of data verified.

Compressed 207248 bytes to 114188...

Writing at 0x00010000... (14 %)

Writing at 0x0001cb98... (28 %)

Writing at 0x000232a3... (42 %)

Writing at 0x00029aa3... (57 %)

Writing at 0x0002fd58... (71 %)

Writing at 0x0003634a... (85 %)

Writing at 0x0003c2de... (100 %)

Wrote 207248 bytes (114188 compressed) at 0x00010000 in 1.2 seconds (effective 1410.6 kbit/s)...

Hash of data verified.

Compressed 3072 bytes to 103...

Writing at 0x00008000... (100 %)

Wrote 3072 bytes (103 compressed) at 0x00008000 in 0.0 seconds (effective 913.1 kbit/s)...

Hash of data verified.



Leaving...

Hard resetting via RTS pin...

Done
