Executing action: flash
Running ninja in directory D:\aijiaohu\week1\firmware\esp32_imu\build
Executing "ninja flash"...
[1/5] C:\windows\system32\cmd.exe /C "cd /D D:\aijiaohu\week1\firmware\esp32_imu\build\esp-idf\esptool_py && D:\gongju\Espressif\python_env\idf5.4_py3.11_env\Scripts\python.exe D:/gongju/Espressif/frameworks/esp-idf-v5.4.4/components/partition_table/check_sizes.py --offset 0x8000 partition --type app D:/aijiaohu/week1/firmware/esp32_imu/build/partition_table/partition-table.bin D:/aijiaohu/week1/firmware/esp32_imu/build/esp32_imu.bin"

esp32_imu.bin binary size 0xf8190 bytes. Smallest app partition is 0x400000 bytes. 0x307e70 bytes (76%) free.


[2/5] Performing build step for 'bootloader'

[1/1] C:\windows\system32\cmd.exe /C "cd /D D:\aijiaohu\week1\firmware\esp32_imu\build\bootloader\esp-idf\esptool_py && D:\gongju\Espressif\python_env\idf5.4_py3.11_env\Scripts\python.exe D:/gongju/Espressif/frameworks/esp-idf-v5.4.4/components/partition_table/check_sizes.py --offset 0x8000 bootloader 0x0 D:/aijiaohu/week1/firmware/esp32_imu/build/bootloader/bootloader.bin"


Bootloader binary size 0x51c0 bytes. 0x2e40 bytes (36%) free.



[3/5] No install step for 'bootloader'

[4/5] Completed 'bootloader'

[4/5] C:\windows\system32\cmd.exe /C "cd /D D:\gongju\Espressif\frameworks\esp-idf-v5.4.4\components\esptool_py && D:\gongju\Espressif\tools\cmake\3.30.2\bin\cmake.exe -D IDF_PATH=D:/gongju/Espressif/frameworks/esp-idf-v5.4.4 -D SERIAL_TOOL=D:/gongju/Espressif/python_env/idf5.4_py3.11_env/Scripts/python.exe;;D:/gongju/Espressif/frameworks/esp-idf-v5.4.4/components/esptool_py/esptool/esptool.py;--chip;esp32s3 -D SERIAL_TOOL_ARGS=--before=default_reset;--after=hard_reset;write_flash;@flash_args -D WORKING_DIRECTORY=D:/aijiaohu/week1/firmware/esp32_imu/build -P D:/gongju/Espressif/frameworks/esp-idf-v5.4.4/components/esptool_py/run_serial_tool.cmake"

esptool.py --chip esp32s3 -p COM5 -b 460800 --before=default_reset --after=hard_reset write_flash --flash_mode dio --flash_freq 80m --flash_size 8MB 0x0 bootloader/bootloader.bin 0x10000 esp32_imu.bin 0x8000 partition_table/partition-table.bin

esptool.py v4.11.0

Serial port COM5

Connecting...

Chip is ESP32-S3 (QFN56) (revision v0.2)

Features: WiFi, BLE, Embedded PSRAM 8MB (AP_3v3)

Crystal is 40MHz

USB mode: USB-Serial/JTAG

MAC: 94:a9:90:1c:7c:34

Uploading stub...

Running stub...

Stub running...

Changing baud rate to 460800

Changed.

Configuring flash size...

Flash will be erased from 0x00000000 to 0x00005fff...

Flash will be erased from 0x00010000 to 0x00108fff...

Flash will be erased from 0x00008000 to 0x00008fff...

SHA digest in image updated

Compressed 20928 bytes to 13320...

Writing at 0x00000000... (100 %)

Wrote 20928 bytes (13320 compressed) at 0x00000000 in 0.2 seconds (effective 707.2 kbit/s)...

Hash of data verified.

Compressed 1016208 bytes to 624780...

Writing at 0x00010000... (2 %)

Writing at 0x0001c652... (5 %)

Writing at 0x000282ae... (7 %)

Writing at 0x000303e4... (10 %)

Writing at 0x0003b5cd... (12 %)

Writing at 0x00042436... (15 %)

Writing at 0x00048845... (17 %)

Writing at 0x0004ea7c... (20 %)

Writing at 0x00055cb5... (23 %)

Writing at 0x0005d073... (25 %)

Writing at 0x0006338e... (28 %)

Writing at 0x0006955a... (30 %)

Writing at 0x0006f5ff... (33 %)

Writing at 0x00075476... (35 %)

Writing at 0x0007b4f6... (38 %)

Writing at 0x00080644... (41 %)

Writing at 0x00085938... (43 %)

Writing at 0x0008b2a3... (46 %)

Writing at 0x00090855... (48 %)

Writing at 0x00095b60... (51 %)

Writing at 0x0009b209... (53 %)

Writing at 0x000a1397... (56 %)

Writing at 0x000a6fde... (58 %)

Writing at 0x000ac92d... (61 %)

Writing at 0x000b2544... (64 %)

Writing at 0x000b83a6... (66 %)

Writing at 0x000bdcfe... (69 %)

Writing at 0x000c3a93... (71 %)

Writing at 0x000c9c7e... (74 %)

Writing at 0x000cf85d... (76 %)

Writing at 0x000d53ea... (79 %)

Writing at 0x000daedd... (82 %)

Writing at 0x000e0476... (84 %)

Writing at 0x000e92fa... (87 %)

Writing at 0x000ef4ce... (89 %)

Writing at 0x000f55b0... (92 %)

Writing at 0x000fb6e1... (94 %)

Writing at 0x00101d9c... (97 %)

Writing at 0x001071a8... (100 %)

Wrote 1016208 bytes (624780 compressed) at 0x00010000 in 5.8 seconds (effective 1412.3 kbit/s)...

Hash of data verified.

Compressed 3072 bytes to 105...

Writing at 0x00008000... (100 %)

Wrote 3072 bytes (105 compressed) at 0x00008000 in 0.0 seconds (effective 886.3 kbit/s)...

Hash of data verified.



Leaving...

Hard resetting via RTS pin...

Done
