Executing action: flash
Running ninja in directory D:\aijiaohu\week1\firmware\esp32_imu\build
Executing "ninja flash"...
[1/5] C:\windows\system32\cmd.exe /C "cd /D D:\aijiaohu\week1\firmware\esp32_imu\build\esp-idf\esptool_py && D:\gongju\Espressif\python_env\idf5.4_py3.11_env\Scripts\python.exe D:/gongju/Espressif/frameworks/esp-idf-v5.4.4/components/partition_table/check_sizes.py --offset 0x8000 partition --type app D:/aijiaohu/week1/firmware/esp32_imu/build/partition_table/partition-table.bin D:/aijiaohu/week1/firmware/esp32_imu/build/esp32_imu.bin"

esp32_imu.bin binary size 0xf3e80 bytes. Smallest app partition is 0x400000 bytes. 0x30c180 bytes (76%) free.


[2/5] Performing build step for 'bootloader'

[1/1] C:\windows\system32\cmd.exe /C "cd /D D:\aijiaohu\week1\firmware\esp32_imu\build\bootloader\esp-idf\esptool_py && D:\gongju\Espressif\python_env\idf5.4_py3.11_env\Scripts\python.exe D:/gongju/Espressif/frameworks/esp-idf-v5.4.4/components/partition_table/check_sizes.py --offset 0x8000 bootloader 0x0 D:/aijiaohu/week1/firmware/esp32_imu/build/bootloader/bootloader.bin"


Bootloader binary size 0x51c0 bytes. 0x2e40 bytes (36%) free.



[3/5] No install step for 'bootloader'

[4/5] Completed 'bootloader'

[4/5] C:\windows\system32\cmd.exe /C "cd /D D:\gongju\Espressif\frameworks\esp-idf-v5.4.4\components\esptool_py && D:\gongju\Espressif\tools\cmake\3.30.2\bin\cmake.exe -D IDF_PATH=D:/gongju/Espressif/frameworks/esp-idf-v5.4.4 -D SERIAL_TOOL=D:/gongju/Espressif/python_env/idf5.4_py3.11_env/Scripts/python.exe;;D:/gongju/Espressif/frameworks/esp-idf-v5.4.4/components/esptool_py/esptool/esptool.py;--chip;esp32s3 -D SERIAL_TOOL_ARGS=--before=default_reset;--after=hard_reset;write_flash;@flash_args -D WORKING_DIRECTORY=D:/aijiaohu/week1/firmware/esp32_imu/build -P D:/gongju/Espressif/frameworks/esp-idf-v5.4.4/components/esptool_py/run_serial_tool.cmake"

esptool.py --chip esp32s3 -p COM5 -b 460800 --before=default_reset --after=hard_reset write_flash --flash_mode dio --flash_freq 80m --flash_size 8MB 0x0 bootloader/bootloader.bin 0x10000 esp32_imu.bin 0x8000 partition_table/partition-table.bin

esptool.py v4.11.0

Serial port COM5

Connecting...

Chip is ESP32-S3 (QFN56) (revision v0.2)

Features: WiFi, BLE, Embedded PSRAM 8MB (AP_3v3)

Crystal is 40MHz

USB mode: USB-Serial/JTAG

MAC: 94:a9:90:1c:7c:34

Uploading stub...

Running stub...

Stub running...

Changing baud rate to 460800

Changed.

Configuring flash size...

Flash will be erased from 0x00000000 to 0x00005fff...

Flash will be erased from 0x00010000 to 0x00103fff...

Flash will be erased from 0x00008000 to 0x00008fff...

SHA digest in image updated

Compressed 20928 bytes to 13320...

Writing at 0x00000000... (100 %)

Wrote 20928 bytes (13320 compressed) at 0x00000000 in 0.2 seconds (effective 709.9 kbit/s)...

Hash of data verified.

Compressed 999040 bytes to 615926...

Writing at 0x00010000... (2 %)

Writing at 0x0001c4c5... (5 %)

Writing at 0x00027966... (7 %)

Writing at 0x0002fda6... (10 %)

Writing at 0x0003b1a0... (13 %)

Writing at 0x000417e4... (15 %)

Writing at 0x00047b80... (18 %)

Writing at 0x0004e017... (21 %)

Writing at 0x00054ece... (23 %)

Writing at 0x0005c581... (26 %)

Writing at 0x0006267f... (28 %)

Writing at 0x000686cf... (31 %)

Writing at 0x0006e6cd... (34 %)

Writing at 0x00074451... (36 %)

Writing at 0x0007a178... (39 %)

Writing at 0x0007f2cc... (42 %)

Writing at 0x00084918... (44 %)

Writing at 0x0008a0b9... (47 %)

Writing at 0x0008f5df... (50 %)

Writing at 0x0009495b... (52 %)

Writing at 0x00099f50... (55 %)

Writing at 0x000a03da... (57 %)

Writing at 0x000a5e95... (60 %)

Writing at 0x000ab95a... (63 %)

Writing at 0x000b1683... (65 %)

Writing at 0x000b7201... (68 %)

Writing at 0x000bcb4e... (71 %)

Writing at 0x000c2950... (73 %)

Writing at 0x000c8d4d... (76 %)

Writing at 0x000ce83e... (78 %)

Writing at 0x000d434f... (81 %)

Writing at 0x000d9c18... (84 %)

Writing at 0x000df5b2... (86 %)

Writing at 0x000e860b... (89 %)

Writing at 0x000ee8a0... (92 %)

Writing at 0x000f4afe... (94 %)

Writing at 0x000fadcc... (97 %)

Writing at 0x00100533... (100 %)

Wrote 999040 bytes (615926 compressed) at 0x00010000 in 5.7 seconds (effective 1406.4 kbit/s)...

Hash of data verified.

Compressed 3072 bytes to 105...

Writing at 0x00008000... (100 %)

Wrote 3072 bytes (105 compressed) at 0x00008000 in 0.0 seconds (effective 914.7 kbit/s)...

Hash of data verified.



Leaving...

Hard resetting via RTS pin...

Done
