Executing action: flash
Running ninja in directory D:\aijiaohu\week1\firmware\esp32_imu\build
Executing "ninja flash"...
[1/5] C:\windows\system32\cmd.exe /C "cd /D D:\aijiaohu\week1\firmware\esp32_imu\build\esp-idf\esptool_py && D:\gongju\Espressif\python_env\idf5.4_py3.11_env\Scripts\python.exe D:/gongju/Espressif/frameworks/esp-idf-v5.4.4/components/partition_table/check_sizes.py --offset 0x8000 partition --type app D:/aijiaohu/week1/firmware/esp32_imu/build/partition_table/partition-table.bin D:/aijiaohu/week1/firmware/esp32_imu/build/esp32_imu.bin"

esp32_imu.bin binary size 0xf5df0 bytes. Smallest app partition is 0x400000 bytes. 0x30a210 bytes (76%) free.


[2/5] Performing build step for 'bootloader'

[1/1] C:\windows\system32\cmd.exe /C "cd /D D:\aijiaohu\week1\firmware\esp32_imu\build\bootloader\esp-idf\esptool_py && D:\gongju\Espressif\python_env\idf5.4_py3.11_env\Scripts\python.exe D:/gongju/Espressif/frameworks/esp-idf-v5.4.4/components/partition_table/check_sizes.py --offset 0x8000 bootloader 0x0 D:/aijiaohu/week1/firmware/esp32_imu/build/bootloader/bootloader.bin"


Bootloader binary size 0x51c0 bytes. 0x2e40 bytes (36%) free.



[3/5] No install step for 'bootloader'

[4/5] Completed 'bootloader'

[4/5] C:\windows\system32\cmd.exe /C "cd /D D:\gongju\Espressif\frameworks\esp-idf-v5.4.4\components\esptool_py && D:\gongju\Espressif\tools\cmake\3.30.2\bin\cmake.exe -D IDF_PATH=D:/gongju/Espressif/frameworks/esp-idf-v5.4.4 -D SERIAL_TOOL=D:/gongju/Espressif/python_env/idf5.4_py3.11_env/Scripts/python.exe;;D:/gongju/Espressif/frameworks/esp-idf-v5.4.4/components/esptool_py/esptool/esptool.py;--chip;esp32s3 -D SERIAL_TOOL_ARGS=--before=default_reset;--after=hard_reset;write_flash;@flash_args -D WORKING_DIRECTORY=D:/aijiaohu/week1/firmware/esp32_imu/build -P D:/gongju/Espressif/frameworks/esp-idf-v5.4.4/components/esptool_py/run_serial_tool.cmake"

esptool.py --chip esp32s3 -p COM5 -b 460800 --before=default_reset --after=hard_reset write_flash --flash_mode dio --flash_freq 80m --flash_size 8MB 0x0 bootloader/bootloader.bin 0x10000 esp32_imu.bin 0x8000 partition_table/partition-table.bin

esptool.py v4.11.0

Serial port COM5

Connecting...

Chip is ESP32-S3 (QFN56) (revision v0.2)

Features: WiFi, BLE, Embedded PSRAM 8MB (AP_3v3)

Crystal is 40MHz

USB mode: USB-Serial/JTAG

MAC: 94:a9:90:1c:7c:34

Uploading stub...

Running stub...

Stub running...

Changing baud rate to 460800

Changed.

Configuring flash size...

Flash will be erased from 0x00000000 to 0x00005fff...

Flash will be erased from 0x00010000 to 0x00105fff...

Flash will be erased from 0x00008000 to 0x00008fff...

SHA digest in image updated

Compressed 20928 bytes to 13320...

Writing at 0x00000000... (100 %)

Wrote 20928 bytes (13320 compressed) at 0x00000000 in 0.2 seconds (effective 720.9 kbit/s)...

Hash of data verified.

Compressed 1007088 bytes to 620532...

Writing at 0x00010000... (2 %)

Writing at 0x0001bc6c... (5 %)

Writing at 0x00027cfd... (7 %)

Writing at 0x0002fb7e... (10 %)

Writing at 0x0003ae13... (13 %)

Writing at 0x00041d94... (15 %)

Writing at 0x000481c3... (18 %)

Writing at 0x0004e72e... (21 %)

Writing at 0x00055377... (23 %)

Writing at 0x0005cc80... (26 %)

Writing at 0x00062cbc... (28 %)

Writing at 0x0006891f... (31 %)

Writing at 0x0006e69d... (34 %)

Writing at 0x0007439d... (36 %)

Writing at 0x0007a060... (39 %)

Writing at 0x0007ff03... (42 %)

Writing at 0x00085def... (44 %)

Writing at 0x0008bb3f... (47 %)

Writing at 0x000919ae... (50 %)

Writing at 0x00096b2b... (52 %)

Writing at 0x0009c071... (55 %)

Writing at 0x000a1919... (57 %)

Writing at 0x000a6e2a... (60 %)

Writing at 0x000ac1a9... (63 %)

Writing at 0x000b16f9... (65 %)

Writing at 0x000b773f... (68 %)

Writing at 0x000bd12d... (71 %)

Writing at 0x000c2ee5... (73 %)

Writing at 0x000c91aa... (76 %)

Writing at 0x000ced32... (78 %)

Writing at 0x000d4864... (81 %)

Writing at 0x000da2a4... (84 %)

Writing at 0x000df93d... (86 %)

Writing at 0x000e89a7... (89 %)

Writing at 0x000eea7f... (92 %)

Writing at 0x000f4d52... (94 %)

Writing at 0x000fada3... (97 %)

Writing at 0x00100de3... (100 %)

Wrote 1007088 bytes (620532 compressed) at 0x00010000 in 5.7 seconds (effective 1406.1 kbit/s)...

Hash of data verified.

Compressed 3072 bytes to 105...

Writing at 0x00008000... (100 %)

Wrote 3072 bytes (105 compressed) at 0x00008000 in 0.0 seconds (effective 877.2 kbit/s)...

Hash of data verified.



Leaving...

Hard resetting via RTS pin...

Done
