Executing action: all (aliases: build)
Running ninja in directory D:\aijiaohu\week1\firmware\esp32_imu\build
Executing "ninja all"...
[0/1] Re-running CMake...

-- git rev-parse returned 'fatal: not a git repository (or any of the parent directories): .git'
-- Could not use 'git describe' to determine PROJECT_VER.
-- Building ESP-IDF components for target esp32s3
NOTICE: Processing 3 dependencies:

NOTICE: [1/3] espressif/esp32-camera (2.1.7)

NOTICE: [2/3] espressif/esp_jpeg (1.3.1)

NOTICE: [3/3] idf (5.4.4)

-- Project sdkconfig file D:/aijiaohu/week1/firmware/esp32_imu/sdkconfig
-- Compiler supported targets: xtensa-esp-elf
-- USING O3
-- App "esp32_imu" version: 1
-- Adding linker script D:/aijiaohu/week1/firmware/esp32_imu/build/esp-idf/esp_system/ld/memory.ld
-- Adding linker script D:/aijiaohu/week1/firmware/esp32_imu/build/esp-idf/esp_system/ld/sections.ld.in
-- Adding linker script D:/gongju/Espressif/frameworks/esp-idf-v5.4.4/components/esp_rom/esp32s3/ld/esp32s3.rom.ld
-- Adding linker script D:/gongju/Espressif/frameworks/esp-idf-v5.4.4/components/esp_rom/esp32s3/ld/esp32s3.rom.api.ld
-- Adding linker script D:/gongju/Espressif/frameworks/esp-idf-v5.4.4/components/esp_rom/esp32s3/ld/esp32s3.rom.bt_funcs.ld
-- Adding linker script D:/gongju/Espressif/frameworks/esp-idf-v5.4.4/components/esp_rom/esp32s3/ld/esp32s3.rom.libgcc.ld
-- Adding linker script D:/gongju/Espressif/frameworks/esp-idf-v5.4.4/components/esp_rom/esp32s3/ld/esp32s3.rom.wdt.ld
-- Adding linker script D:/gongju/Espressif/frameworks/esp-idf-v5.4.4/components/esp_rom/esp32s3/ld/esp32s3.rom.version.ld
-- Adding linker script D:/gongju/Espressif/frameworks/esp-idf-v5.4.4/components/esp_rom/esp32s3/ld/esp32s3.rom.ble_master.ld
-- Adding linker script D:/gongju/Espressif/frameworks/esp-idf-v5.4.4/components/esp_rom/esp32s3/ld/esp32s3.rom.ble_50.ld
-- Adding linker script D:/gongju/Espressif/frameworks/esp-idf-v5.4.4/components/esp_rom/esp32s3/ld/esp32s3.rom.ble_smp.ld
-- Adding linker script D:/gongju/Espressif/frameworks/esp-idf-v5.4.4/components/esp_rom/esp32s3/ld/esp32s3.rom.ble_dtm.ld
-- Adding linker script D:/gongju/Espressif/frameworks/esp-idf-v5.4.4/components/esp_rom/esp32s3/ld/esp32s3.rom.ble_test.ld
-- Adding linker script D:/gongju/Espressif/frameworks/esp-idf-v5.4.4/components/esp_rom/esp32s3/ld/esp32s3.rom.ble_scan.ld
-- Adding linker script D:/gongju/Espressif/frameworks/esp-idf-v5.4.4/components/esp_rom/esp32s3/ld/esp32s3.rom.newlib.ld
-- Adding linker script D:/gongju/Espressif/frameworks/esp-idf-v5.4.4/components/soc/esp32s3/ld/esp32s3.peripherals.ld
-- Components: app_trace app_update bootloader bootloader_support bt cmock console cxx driver efuse esp-tls esp_adc esp_app_format esp_bootloader_format esp_coex esp_common esp_driver_ana_cmpr esp_driver_cam esp_driver_dac esp_driver_gpio esp_driver_gptimer esp_driver_i2c esp_driver_i2s esp_driver_isp esp_driver_jpeg esp_driver_ledc esp_driver_mcpwm esp_driver_parlio esp_driver_pcnt esp_driver_ppa esp_driver_rmt esp_driver_sdio esp_driver_sdm esp_driver_sdmmc esp_driver_sdspi esp_driver_spi esp_driver_touch_sens esp_driver_tsens esp_driver_uart esp_driver_usb_serial_jtag esp_eth esp_event esp_gdbstub esp_hal_ieee802154 esp_hid esp_http_client esp_http_server esp_https_ota esp_https_server esp_hw_support esp_lcd esp_local_ctrl esp_mm esp_netif esp_netif_stack esp_partition esp_phy esp_pm esp_psram esp_ringbuf esp_rom esp_security esp_system esp_timer esp_vfs_console esp_wifi espcoredump espressif__esp32-camera espressif__esp_jpeg esptool_py fatfs freertos hal heap http_parser idf_test ieee802154 json log lwip main mbedtls mqtt newlib nvs_flash nvs_sec_provider openthread partition_table perfmon protobuf-c protocomm pthread rt sdmmc soc spi_flash spiffs tcp_transport touch_element ulp unity usb vfs wear_levelling wifi_provisioning wpa_supplicant xtensa
-- Component paths: D:/gongju/Espressif/frameworks/esp-idf-v5.4.4/components/app_trace D:/gongju/Espressif/frameworks/esp-idf-v5.4.4/components/app_update D:/gongju/Espressif/frameworks/esp-idf-v5.4.4/components/bootloader D:/gongju/Espressif/frameworks/esp-idf-v5.4.4/components/bootloader_support D:/gongju/Espressif/frameworks/esp-idf-v5.4.4/components/bt D:/gongju/Espressif/frameworks/esp-idf-v5.4.4/components/cmock D:/gongju/Espressif/frameworks/esp-idf-v5.4.4/components/console D:/gongju/Espressif/frameworks/esp-idf-v5.4.4/components/cxx D:/gongju/Espressif/frameworks/esp-idf-v5.4.4/components/driver D:/gongju/Espressif/frameworks/esp-idf-v5.4.4/components/efuse D:/gongju/Espressif/frameworks/esp-idf-v5.4.4/components/esp-tls D:/gongju/Espressif/frameworks/esp-idf-v5.4.4/components/esp_adc D:/gongju/Espressif/frameworks/esp-idf-v5.4.4/components/esp_app_format D:/gongju/Espressif/frameworks/esp-idf-v5.4.4/components/esp_bootloader_format D:/gongju/Espressif/frameworks/esp-idf-v5.4.4/components/esp_coex D:/gongju/Espressif/frameworks/esp-idf-v5.4.4/components/esp_common D:/gongju/Espressif/frameworks/esp-idf-v5.4.4/components/esp_driver_ana_cmpr D:/gongju/Espressif/frameworks/esp-idf-v5.4.4/components/esp_driver_cam D:/gongju/Espressif/frameworks/esp-idf-v5.4.4/components/esp_driver_dac D:/gongju/Espressif/frameworks/esp-idf-v5.4.4/components/esp_driver_gpio D:/gongju/Espressif/frameworks/esp-idf-v5.4.4/components/esp_driver_gptimer D:/gongju/Espressif/frameworks/esp-idf-v5.4.4/components/esp_driver_i2c D:/gongju/Espressif/frameworks/esp-idf-v5.4.4/components/esp_driver_i2s D:/gongju/Espressif/frameworks/esp-idf-v5.4.4/components/esp_driver_isp D:/gongju/Espressif/frameworks/esp-idf-v5.4.4/components/esp_driver_jpeg D:/gongju/Espressif/frameworks/esp-idf-v5.4.4/components/esp_driver_ledc D:/gongju/Espressif/frameworks/esp-idf-v5.4.4/components/esp_driver_mcpwm D:/gongju/Espressif/frameworks/esp-idf-v5.4.4/components/esp_driver_parlio D:/gongju/Espressif/frameworks/esp-idf-v5.4.4/components/esp_driver_pcnt D:/gongju/Espressif/frameworks/esp-idf-v5.4.4/components/esp_driver_ppa D:/gongju/Espressif/frameworks/esp-idf-v5.4.4/components/esp_driver_rmt D:/gongju/Espressif/frameworks/esp-idf-v5.4.4/components/esp_driver_sdio D:/gongju/Espressif/frameworks/esp-idf-v5.4.4/components/esp_driver_sdm D:/gongju/Espressif/frameworks/esp-idf-v5.4.4/components/esp_driver_sdmmc D:/gongju/Espressif/frameworks/esp-idf-v5.4.4/components/esp_driver_sdspi D:/gongju/Espressif/frameworks/esp-idf-v5.4.4/components/esp_driver_spi D:/gongju/Espressif/frameworks/esp-idf-v5.4.4/components/esp_driver_touch_sens D:/gongju/Espressif/frameworks/esp-idf-v5.4.4/components/esp_driver_tsens D:/gongju/Espressif/frameworks/esp-idf-v5.4.4/components/esp_driver_uart D:/gongju/Espressif/frameworks/esp-idf-v5.4.4/components/esp_driver_usb_serial_jtag D:/gongju/Espressif/frameworks/esp-idf-v5.4.4/components/esp_eth D:/gongju/Espressif/frameworks/esp-idf-v5.4.4/components/esp_event D:/gongju/Espressif/frameworks/esp-idf-v5.4.4/components/esp_gdbstub D:/gongju/Espressif/frameworks/esp-idf-v5.4.4/components/esp_hal_ieee802154 D:/gongju/Espressif/frameworks/esp-idf-v5.4.4/components/esp_hid D:/gongju/Espressif/frameworks/esp-idf-v5.4.4/components/esp_http_client D:/gongju/Espressif/frameworks/esp-idf-v5.4.4/components/esp_http_server D:/gongju/Espressif/frameworks/esp-idf-v5.4.4/components/esp_https_ota D:/gongju/Espressif/frameworks/esp-idf-v5.4.4/components/esp_https_server D:/gongju/Espressif/frameworks/esp-idf-v5.4.4/components/esp_hw_support D:/gongju/Espressif/frameworks/esp-idf-v5.4.4/components/esp_lcd D:/gongju/Espressif/frameworks/esp-idf-v5.4.4/components/esp_local_ctrl D:/gongju/Espressif/frameworks/esp-idf-v5.4.4/components/esp_mm D:/gongju/Espressif/frameworks/esp-idf-v5.4.4/components/esp_netif D:/gongju/Espressif/frameworks/esp-idf-v5.4.4/components/esp_netif_stack D:/gongju/Espressif/frameworks/esp-idf-v5.4.4/components/esp_partition D:/gongju/Espressif/frameworks/esp-idf-v5.4.4/components/esp_phy D:/gongju/Espressif/frameworks/esp-idf-v5.4.4/components/esp_pm D:/gongju/Espressif/frameworks/esp-idf-v5.4.4/components/esp_psram D:/gongju/Espressif/frameworks/esp-idf-v5.4.4/components/esp_ringbuf D:/gongju/Espressif/frameworks/esp-idf-v5.4.4/components/esp_rom D:/gongju/Espressif/frameworks/esp-idf-v5.4.4/components/esp_security D:/gongju/Espressif/frameworks/esp-idf-v5.4.4/components/esp_system D:/gongju/Espressif/frameworks/esp-idf-v5.4.4/components/esp_timer D:/gongju/Espressif/frameworks/esp-idf-v5.4.4/components/esp_vfs_console D:/gongju/Espressif/frameworks/esp-idf-v5.4.4/components/esp_wifi D:/gongju/Espressif/frameworks/esp-idf-v5.4.4/components/espcoredump D:/aijiaohu/week1/firmware/esp32_imu/managed_components/espressif__esp32-camera D:/aijiaohu/week1/firmware/esp32_imu/managed_components/espressif__esp_jpeg D:/gongju/Espressif/frameworks/esp-idf-v5.4.4/components/esptool_py D:/gongju/Espressif/frameworks/esp-idf-v5.4.4/components/fatfs D:/gongju/Espressif/frameworks/esp-idf-v5.4.4/components/freertos D:/gongju/Espressif/frameworks/esp-idf-v5.4.4/components/hal D:/gongju/Espressif/frameworks/esp-idf-v5.4.4/components/heap D:/gongju/Espressif/frameworks/esp-idf-v5.4.4/components/http_parser D:/gongju/Espressif/frameworks/esp-idf-v5.4.4/components/idf_test D:/gongju/Espressif/frameworks/esp-idf-v5.4.4/components/ieee802154 D:/gongju/Espressif/frameworks/esp-idf-v5.4.4/components/json D:/gongju/Espressif/frameworks/esp-idf-v5.4.4/components/log D:/gongju/Espressif/frameworks/esp-idf-v5.4.4/components/lwip D:/aijiaohu/week1/firmware/esp32_imu/main D:/gongju/Espressif/frameworks/esp-idf-v5.4.4/components/mbedtls D:/gongju/Espressif/frameworks/esp-idf-v5.4.4/components/mqtt D:/gongju/Espressif/frameworks/esp-idf-v5.4.4/components/newlib D:/gongju/Espressif/frameworks/esp-idf-v5.4.4/components/nvs_flash D:/gongju/Espressif/frameworks/esp-idf-v5.4.4/components/nvs_sec_provider D:/gongju/Espressif/frameworks/esp-idf-v5.4.4/components/openthread D:/gongju/Espressif/frameworks/esp-idf-v5.4.4/components/partition_table D:/gongju/Espressif/frameworks/esp-idf-v5.4.4/components/perfmon D:/gongju/Espressif/frameworks/esp-idf-v5.4.4/components/protobuf-c D:/gongju/Espressif/frameworks/esp-idf-v5.4.4/components/protocomm D:/gongju/Espressif/frameworks/esp-idf-v5.4.4/components/pthread D:/gongju/Espressif/frameworks/esp-idf-v5.4.4/components/rt D:/gongju/Espressif/frameworks/esp-idf-v5.4.4/components/sdmmc D:/gongju/Espressif/frameworks/esp-idf-v5.4.4/components/soc D:/gongju/Espressif/frameworks/esp-idf-v5.4.4/components/spi_flash D:/gongju/Espressif/frameworks/esp-idf-v5.4.4/components/spiffs D:/gongju/Espressif/frameworks/esp-idf-v5.4.4/components/tcp_transport D:/gongju/Espressif/frameworks/esp-idf-v5.4.4/components/touch_element D:/gongju/Espressif/frameworks/esp-idf-v5.4.4/components/ulp D:/gongju/Espressif/frameworks/esp-idf-v5.4.4/components/unity D:/gongju/Espressif/frameworks/esp-idf-v5.4.4/components/usb D:/gongju/Espressif/frameworks/esp-idf-v5.4.4/components/vfs D:/gongju/Espressif/frameworks/esp-idf-v5.4.4/components/wear_levelling D:/gongju/Espressif/frameworks/esp-idf-v5.4.4/components/wifi_provisioning D:/gongju/Espressif/frameworks/esp-idf-v5.4.4/components/wpa_supplicant D:/gongju/Espressif/frameworks/esp-idf-v5.4.4/components/xtensa
-- Configuring done (38.6s)
-- Generating done (10.5s)
-- Build files have been written to: D:/aijiaohu/week1/firmware/esp32_imu/build
[1/10] Performing build step for 'bootloader'

[1/1] C:\windows\system32\cmd.exe /C "cd /D D:\aijiaohu\week1\firmware\esp32_imu\build\bootloader\esp-idf\esptool_py && D:\gongju\Espressif\python_env\idf5.4_py3.11_env\Scripts\python.exe D:/gongju/Espressif/frameworks/esp-idf-v5.4.4/components/partition_table/check_sizes.py --offset 0x8000 bootloader 0x0 D:/aijiaohu/week1/firmware/esp32_imu/build/bootloader/bootloader.bin"


Bootloader binary size 0x51c0 bytes. 0x2e40 bytes (36%) free.



[2/10] Building C object esp-idf/main/CMakeFiles/__idf_main.dir/main.c.obj

[3/10] No install step for 'bootloader'

[4/10] Completed 'bootloader'

[5/10] Linking C static library esp-idf\main\libmain.a

[6/10] Generating ld/sections.ld

[7/10] Linking CXX executable esp32_imu.elf

[8/10] Generating binary image from built executable

esptool.py v4.11.0


Creating esp32s3 image...


Merged 2 ELF sections


Successfully created esp32s3 image.


Generated D:/aijiaohu/week1/firmware/esp32_imu/build/esp32_imu.bin

[9/10] C:\windows\system32\cmd.exe /C "cd /D D:\aijiaohu\week1\firmware\esp32_imu\build\esp-idf\esptool_py && D:\gongju\Espressif\python_env\idf5.4_py3.11_env\Scripts\python.exe D:/gongju/Espressif/frameworks/esp-idf-v5.4.4/components/partition_table/check_sizes.py --offset 0x8000 partition --type app D:/aijiaohu/week1/firmware/esp32_imu/build/partition_table/partition-table.bin D:/aijiaohu/week1/firmware/esp32_imu/build/esp32_imu.bin"

esp32_imu.bin binary size 0xf5860 bytes. Smallest app partition is 0x400000 bytes. 0x30a7a0 bytes (76%) free.




Project build complete. To flash, run:
 idf.py flash
or
 idf.py -p PORT flash
or
 python -m esptool --chip esp32s3 -b 460800 --before default_reset --after hard_reset write_flash --flash_mode dio --flash_size 8MB --flash_freq 80m 0x0 build\bootloader\bootloader.bin 0x8000 build\partition_table\partition-table.bin 0x10000 build\esp32_imu.bin
or from the "D:\aijiaohu\week1\firmware\esp32_imu\build" directory
 python -m esptool --chip esp32s3 -b 460800 --before default_reset --after hard_reset write_flash "@flash_args"
