Adding "set-target"'s dependency "fullclean" to list of commands with default set of options.
Executing action: fullclean
Build directory 'D:\aijiaohu\week1\firmware\esp32_imu\build' not found. Nothing to clean.
Executing action: set-target
Set Target to: esp32s3, new sdkconfig will be created.
Running cmake in directory D:\aijiaohu\week1\firmware\esp32_imu\build
Executing "cmake -G Ninja -DPYTHON_DEPS_CHECKED=1 -DPYTHON=D:\gongju\Espressif\python_env\idf5.4_py3.11_env\Scripts\python.exe -DESP_PLATFORM=1 -DIDF_TARGET=esp32s3 -DCCACHE_ENABLE=0 D:\aijiaohu\week1\firmware\esp32_imu"...
-- Found Git: D:/gongju/Espressif/tools/idf-git/2.44.0/cmd/git.exe (found version "2.44.0.windows.1")
-- The C compiler identification is GNU 14.2.0
-- The CXX compiler identification is GNU 14.2.0
-- The ASM compiler identification is GNU
-- Found assembler: D:/gongju/Espressif/tools/xtensa-esp-elf/esp-14.2.0_20260121/xtensa-esp-elf/bin/xtensa-esp32s3-elf-gcc.exe
-- Detecting C compiler ABI info
-- Detecting C compiler ABI info - done
-- Check for working C compiler: D:/gongju/Espressif/tools/xtensa-esp-elf/esp-14.2.0_20260121/xtensa-esp-elf/bin/xtensa-esp32s3-elf-gcc.exe - skipped
-- Detecting C compile features
-- Detecting C compile features - done
-- Detecting CXX compiler ABI info
-- Detecting CXX compiler ABI info - done
-- Check for working CXX compiler: D:/gongju/Espressif/tools/xtensa-esp-elf/esp-14.2.0_20260121/xtensa-esp-elf/bin/xtensa-esp32s3-elf-g++.exe - skipped
-- Detecting CXX compile features
-- Detecting CXX compile features - done
-- git rev-parse returned 'fatal: not a git repository (or any of the parent directories): .git'
-- Could not use 'git describe' to determine PROJECT_VER.
-- Building ESP-IDF components for target esp32s3
-- Project sdkconfig file D:/aijiaohu/week1/firmware/esp32_imu/sdkconfig
-- Compiler supported targets: xtensa-esp-elf
-- Found Python3: D:/gongju/Espressif/python_env/idf5.4_py3.11_env/Scripts/python.exe (found version "3.11.2") found components: Interpreter
-- Performing Test CMAKE_HAVE_LIBC_PTHREAD
-- Performing Test CMAKE_HAVE_LIBC_PTHREAD - Success
-- Found Threads: TRUE
-- Performing Test C_COMPILER_SUPPORTS_WFORMAT_SIGNEDNESS
-- Performing Test C_COMPILER_SUPPORTS_WFORMAT_SIGNEDNESS - Success
-- USING O3
-- App "esp32_imu" version: 1
-- Adding linker script D:/aijiaohu/week1/firmware/esp32_imu/build/esp-idf/esp_system/ld/memory.ld
-- Adding linker script D:/aijiaohu/week1/firmware/esp32_imu/build/esp-idf/esp_system/ld/sections.ld.in
-- Adding linker script D:/gongju/Espressif/frameworks/esp-idf-v5.4.4/components/esp_rom/esp32s3/ld/esp32s3.rom.ld
-- Adding linker script D:/gongju/Espressif/frameworks/esp-idf-v5.4.4/components/esp_rom/esp32s3/ld/esp32s3.rom.api.ld
-- Adding linker script D:/gongju/Espressif/frameworks/esp-idf-v5.4.4/components/esp_rom/esp32s3/ld/esp32s3.rom.bt_funcs.ld
-- Adding linker script D:/gongju/Espressif/frameworks/esp-idf-v5.4.4/components/esp_rom/esp32s3/ld/esp32s3.rom.libgcc.ld
-- Adding linker script D:/gongju/Espressif/frameworks/esp-idf-v5.4.4/components/esp_rom/esp32s3/ld/esp32s3.rom.wdt.ld
-- Adding linker script D:/gongju/Espressif/frameworks/esp-idf-v5.4.4/components/esp_rom/esp32s3/ld/esp32s3.rom.version.ld
-- Adding linker script D:/gongju/Espressif/frameworks/esp-idf-v5.4.4/components/esp_rom/esp32s3/ld/esp32s3.rom.ble_master.ld
-- Adding linker script D:/gongju/Espressif/frameworks/esp-idf-v5.4.4/components/esp_rom/esp32s3/ld/esp32s3.rom.ble_50.ld
-- Adding linker script D:/gongju/Espressif/frameworks/esp-idf-v5.4.4/components/esp_rom/esp32s3/ld/esp32s3.rom.ble_smp.ld
-- Adding linker script D:/gongju/Espressif/frameworks/esp-idf-v5.4.4/components/esp_rom/esp32s3/ld/esp32s3.rom.ble_dtm.ld
-- Adding linker script D:/gongju/Espressif/frameworks/esp-idf-v5.4.4/components/esp_rom/esp32s3/ld/esp32s3.rom.ble_test.ld
-- Adding linker script D:/gongju/Espressif/frameworks/esp-idf-v5.4.4/components/esp_rom/esp32s3/ld/esp32s3.rom.ble_scan.ld
-- Adding linker script D:/gongju/Espressif/frameworks/esp-idf-v5.4.4/components/esp_rom/esp32s3/ld/esp32s3.rom.newlib.ld
-- Adding linker script D:/gongju/Espressif/frameworks/esp-idf-v5.4.4/components/soc/esp32s3/ld/esp32s3.peripherals.ld
Traceback (most recent call last):
  File "D:\gongju\Espressif\frameworks\esp-idf-v5.4.4\components\esp_rom\gen_gdbinit.py", line 72, in <module>
    gdbinit_lines = generate_gdbinit_rom_add_symbols(target)
                    ^^^^^^^^^^^^^^^^^^^^^^^^^^^^^^^^^^^^^^^^
  File "D:\gongju\Espressif\frameworks\esp-idf-v5.4.4\components\esp_rom\gen_gdbinit.py", line 32, in generate_gdbinit_rom_add_symbols
    raise EnvironmentError(
OSError: ESP_ROM_ELF_DIR environment variable is not defined. Please try to run IDF "install" and "export" scripts.
CMake Warning at D:/gongju/Espressif/frameworks/esp-idf-v5.4.4/tools/cmake/gdbinit.cmake:52 (message):
  Error while generating esp_rom gdbinit
Call Stack (most recent call first):
  D:/gongju/Espressif/frameworks/esp-idf-v5.4.4/tools/cmake/project.cmake:356 (__generate_gdbinit)
  D:/gongju/Espressif/frameworks/esp-idf-v5.4.4/tools/cmake/project.cmake:941 (__project_info)
  CMakeLists.txt:5 (project)


-- Components: app_trace app_update bootloader bootloader_support bt cmock console cxx driver efuse esp-tls esp_adc esp_app_format esp_bootloader_format esp_coex esp_common esp_driver_ana_cmpr esp_driver_cam esp_driver_dac esp_driver_gpio esp_driver_gptimer esp_driver_i2c esp_driver_i2s esp_driver_isp esp_driver_jpeg esp_driver_ledc esp_driver_mcpwm esp_driver_parlio esp_driver_pcnt esp_driver_ppa esp_driver_rmt esp_driver_sdio esp_driver_sdm esp_driver_sdmmc esp_driver_sdspi esp_driver_spi esp_driver_touch_sens esp_driver_tsens esp_driver_uart esp_driver_usb_serial_jtag esp_eth esp_event esp_gdbstub esp_hal_ieee802154 esp_hid esp_http_client esp_http_server esp_https_ota esp_https_server esp_hw_support esp_lcd esp_local_ctrl esp_mm esp_netif esp_netif_stack esp_partition esp_phy esp_pm esp_psram esp_ringbuf esp_rom esp_security esp_system esp_timer esp_vfs_console esp_wifi espcoredump esptool_py fatfs freertos hal heap http_parser idf_test ieee802154 json log lwip main mbedtls mqtt newlib nvs_flash nvs_sec_provider openthread partition_table perfmon protobuf-c protocomm pthread rt sdmmc soc spi_flash spiffs tcp_transport touch_element ulp unity usb vfs wear_levelling wifi_provisioning wpa_supplicant xtensa
-- Component paths: D:/gongju/Espressif/frameworks/esp-idf-v5.4.4/components/app_trace D:/gongju/Espressif/frameworks/esp-idf-v5.4.4/components/app_update D:/gongju/Espressif/frameworks/esp-idf-v5.4.4/components/bootloader D:/gongju/Espressif/frameworks/esp-idf-v5.4.4/components/bootloader_support D:/gongju/Espressif/frameworks/esp-idf-v5.4.4/components/bt D:/gongju/Espressif/frameworks/esp-idf-v5.4.4/components/cmock D:/gongju/Espressif/frameworks/esp-idf-v5.4.4/components/console D:/gongju/Espressif/frameworks/esp-idf-v5.4.4/components/cxx D:/gongju/Espressif/frameworks/esp-idf-v5.4.4/components/driver D:/gongju/Espressif/frameworks/esp-idf-v5.4.4/components/efuse D:/gongju/Espressif/frameworks/esp-idf-v5.4.4/components/esp-tls D:/gongju/Espressif/frameworks/esp-idf-v5.4.4/components/esp_adc D:/gongju/Espressif/frameworks/esp-idf-v5.4.4/components/esp_app_format D:/gongju/Espressif/frameworks/esp-idf-v5.4.4/components/esp_bootloader_format D:/gongju/Espressif/frameworks/esp-idf-v5.4.4/components/esp_coex D:/gongju/Espressif/frameworks/esp-idf-v5.4.4/components/esp_common D:/gongju/Espressif/frameworks/esp-idf-v5.4.4/components/esp_driver_ana_cmpr D:/gongju/Espressif/frameworks/esp-idf-v5.4.4/components/esp_driver_cam D:/gongju/Espressif/frameworks/esp-idf-v5.4.4/components/esp_driver_dac D:/gongju/Espressif/frameworks/esp-idf-v5.4.4/components/esp_driver_gpio D:/gongju/Espressif/frameworks/esp-idf-v5.4.4/components/esp_driver_gptimer D:/gongju/Espressif/frameworks/esp-idf-v5.4.4/components/esp_driver_i2c D:/gongju/Espressif/frameworks/esp-idf-v5.4.4/components/esp_driver_i2s D:/gongju/Espressif/frameworks/esp-idf-v5.4.4/components/esp_driver_isp D:/gongju/Espressif/frameworks/esp-idf-v5.4.4/components/esp_driver_jpeg D:/gongju/Espressif/frameworks/esp-idf-v5.4.4/components/esp_driver_ledc D:/gongju/Espressif/frameworks/esp-idf-v5.4.4/components/esp_driver_mcpwm D:/gongju/Espressif/frameworks/esp-idf-v5.4.4/components/esp_driver_parlio D:/gongju/Espressif/frameworks/esp-idf-v5.4.4/components/esp_driver_pcnt D:/gongju/Espressif/frameworks/esp-idf-v5.4.4/components/esp_driver_ppa D:/gongju/Espressif/frameworks/esp-idf-v5.4.4/components/esp_driver_rmt D:/gongju/Espressif/frameworks/esp-idf-v5.4.4/components/esp_driver_sdio D:/gongju/Espressif/frameworks/esp-idf-v5.4.4/components/esp_driver_sdm D:/gongju/Espressif/frameworks/esp-idf-v5.4.4/components/esp_driver_sdmmc D:/gongju/Espressif/frameworks/esp-idf-v5.4.4/components/esp_driver_sdspi D:/gongju/Espressif/frameworks/esp-idf-v5.4.4/components/esp_driver_spi D:/gongju/Espressif/frameworks/esp-idf-v5.4.4/components/esp_driver_touch_sens D:/gongju/Espressif/frameworks/esp-idf-v5.4.4/components/esp_driver_tsens D:/gongju/Espressif/frameworks/esp-idf-v5.4.4/components/esp_driver_uart D:/gongju/Espressif/frameworks/esp-idf-v5.4.4/components/esp_driver_usb_serial_jtag D:/gongju/Espressif/frameworks/esp-idf-v5.4.4/components/esp_eth D:/gongju/Espressif/frameworks/esp-idf-v5.4.4/components/esp_event D:/gongju/Espressif/frameworks/esp-idf-v5.4.4/components/esp_gdbstub D:/gongju/Espressif/frameworks/esp-idf-v5.4.4/components/esp_hal_ieee802154 D:/gongju/Espressif/frameworks/esp-idf-v5.4.4/components/esp_hid D:/gongju/Espressif/frameworks/esp-idf-v5.4.4/components/esp_http_client D:/gongju/Espressif/frameworks/esp-idf-v5.4.4/components/esp_http_server D:/gongju/Espressif/frameworks/esp-idf-v5.4.4/components/esp_https_ota D:/gongju/Espressif/frameworks/esp-idf-v5.4.4/components/esp_https_server D:/gongju/Espressif/frameworks/esp-idf-v5.4.4/components/esp_hw_support D:/gongju/Espressif/frameworks/esp-idf-v5.4.4/components/esp_lcd D:/gongju/Espressif/frameworks/esp-idf-v5.4.4/components/esp_local_ctrl D:/gongju/Espressif/frameworks/esp-idf-v5.4.4/components/esp_mm D:/gongju/Espressif/frameworks/esp-idf-v5.4.4/components/esp_netif D:/gongju/Espressif/frameworks/esp-idf-v5.4.4/components/esp_netif_stack D:/gongju/Espressif/frameworks/esp-idf-v5.4.4/components/esp_partition D:/gongju/Espressif/frameworks/esp-idf-v5.4.4/components/esp_phy D:/gongju/Espressif/frameworks/esp-idf-v5.4.4/components/esp_pm D:/gongju/Espressif/frameworks/esp-idf-v5.4.4/components/esp_psram D:/gongju/Espressif/frameworks/esp-idf-v5.4.4/components/esp_ringbuf D:/gongju/Espressif/frameworks/esp-idf-v5.4.4/components/esp_rom D:/gongju/Espressif/frameworks/esp-idf-v5.4.4/components/esp_security D:/gongju/Espressif/frameworks/esp-idf-v5.4.4/components/esp_system D:/gongju/Espressif/frameworks/esp-idf-v5.4.4/components/esp_timer D:/gongju/Espressif/frameworks/esp-idf-v5.4.4/components/esp_vfs_console D:/gongju/Espressif/frameworks/esp-idf-v5.4.4/components/esp_wifi D:/gongju/Espressif/frameworks/esp-idf-v5.4.4/components/espcoredump D:/gongju/Espressif/frameworks/esp-idf-v5.4.4/components/esptool_py D:/gongju/Espressif/frameworks/esp-idf-v5.4.4/components/fatfs D:/gongju/Espressif/frameworks/esp-idf-v5.4.4/components/freertos D:/gongju/Espressif/frameworks/esp-idf-v5.4.4/components/hal D:/gongju/Espressif/frameworks/esp-idf-v5.4.4/components/heap D:/gongju/Espressif/frameworks/esp-idf-v5.4.4/components/http_parser D:/gongju/Espressif/frameworks/esp-idf-v5.4.4/components/idf_test D:/gongju/Espressif/frameworks/esp-idf-v5.4.4/components/ieee802154 D:/gongju/Espressif/frameworks/esp-idf-v5.4.4/components/json D:/gongju/Espressif/frameworks/esp-idf-v5.4.4/components/log D:/gongju/Espressif/frameworks/esp-idf-v5.4.4/components/lwip D:/aijiaohu/week1/firmware/esp32_imu/main D:/gongju/Espressif/frameworks/esp-idf-v5.4.4/components/mbedtls D:/gongju/Espressif/frameworks/esp-idf-v5.4.4/components/mqtt D:/gongju/Espressif/frameworks/esp-idf-v5.4.4/components/newlib D:/gongju/Espressif/frameworks/esp-idf-v5.4.4/components/nvs_flash D:/gongju/Espressif/frameworks/esp-idf-v5.4.4/components/nvs_sec_provider D:/gongju/Espressif/frameworks/esp-idf-v5.4.4/components/openthread D:/gongju/Espressif/frameworks/esp-idf-v5.4.4/components/partition_table D:/gongju/Espressif/frameworks/esp-idf-v5.4.4/components/perfmon D:/gongju/Espressif/frameworks/esp-idf-v5.4.4/components/protobuf-c D:/gongju/Espressif/frameworks/esp-idf-v5.4.4/components/protocomm D:/gongju/Espressif/frameworks/esp-idf-v5.4.4/components/pthread D:/gongju/Espressif/frameworks/esp-idf-v5.4.4/components/rt D:/gongju/Espressif/frameworks/esp-idf-v5.4.4/components/sdmmc D:/gongju/Espressif/frameworks/esp-idf-v5.4.4/components/soc D:/gongju/Espressif/frameworks/esp-idf-v5.4.4/components/spi_flash D:/gongju/Espressif/frameworks/esp-idf-v5.4.4/components/spiffs D:/gongju/Espressif/frameworks/esp-idf-v5.4.4/components/tcp_transport D:/gongju/Espressif/frameworks/esp-idf-v5.4.4/components/touch_element D:/gongju/Espressif/frameworks/esp-idf-v5.4.4/components/ulp D:/gongju/Espressif/frameworks/esp-idf-v5.4.4/components/unity D:/gongju/Espressif/frameworks/esp-idf-v5.4.4/components/usb D:/gongju/Espressif/frameworks/esp-idf-v5.4.4/components/vfs D:/gongju/Espressif/frameworks/esp-idf-v5.4.4/components/wear_levelling D:/gongju/Espressif/frameworks/esp-idf-v5.4.4/components/wifi_provisioning D:/gongju/Espressif/frameworks/esp-idf-v5.4.4/components/wpa_supplicant D:/gongju/Espressif/frameworks/esp-idf-v5.4.4/components/xtensa
-- Configuring done (53.9s)
-- Generating done (9.7s)
-- Build files have been written to: D:/aijiaohu/week1/firmware/esp32_imu/build
